// Jest Snapshot v1, https://goo.gl/fbAQLP

exports[`logout when user owns the sesssion should be successful 1`] = `Object {}`;
