// Jest Snapshot v1, https://goo.gl/fbAQLP

exports[`password recovery request when user does not exist should return an error 1`] = `
Object {
  "error": "Bad Request",
  "message": "Email not found or already verified",
  "statusCode": 400,
}
`;

exports[`password recovery request when user exists should be successful 1`] = `Object {}`;
