// Jest Snapshot v1, https://goo.gl/fbAQLP

exports[`get user by id when requested by admin should succeed 1`] = `
Object {
  "email": "Toby38@gmail.com",
  "emailVerified": false,
  "id": "847563",
  "name": "Brian Foster",
  "roles": Array [],
}
`;

exports[`get user by id when requested by owner should succeed 1`] = `
Object {
  "email": "Toby38@gmail.com",
  "emailVerified": false,
  "id": "847563",
  "name": "Brian Foster",
  "roles": Array [],
}
`;

exports[`get user by id when requested by someone else should fail 1`] = `
Object {
  "error": "Forbidden",
  "statusCode": 403,
}
`;
